+ export DEBIAN_FRONTEND=noninteractive
+ DEBIAN_FRONTEND=noninteractive
+ apt-get update -qq
+ apt-get install -y -qq linux-generic-hwe-24.04 build-essential git uuid-dev zlib1g-dev libblkid-dev libdevmapper-dev pkg-config python3-dev
+ tail -3
No user sessions are running outdated binaries.

No VM guests are running outdated hypervisor (qemu) binaries on this host.
+ cd /home/ops
+ rm -rf vdo
+ git clone -q --depth 1 https://github.com/dm-vdo/vdo.git
+ cd vdo
+ make -j4
+ tail -5
echo "Building vdostats from vdostats.o libvdo.a ../uds/libuds.a"
Building vdostats from vdostats.o libvdo.a ../uds/libuds.a
gcc   vdostats.o libvdo.a ../uds/libuds.a -ldl -pthread -lz -lrt -lm -luuid -o vdostats
make[2]: Leaving directory '/home/ops/vdo/utils/vdo'
make[1]: Leaving directory '/home/ops/vdo/utils'
+ ls -la utils/vdoformat/vdoformat utils/vdostats/vdostats
ls: cannot access 'utils/vdoformat/vdoformat': No such file or directory
ls: cannot access 'utils/vdostats/vdostats': No such file or directory
+ install -m 0755 utils/vdoformat/vdoformat /usr/bin/vdoformat
+ install -m 0755 utils/vdostats/vdostats /usr/bin/vdostats
+ ls /boot/vmlinuz-6.8.0-138-generic /boot/vmlinuz-6.8.0-142-generic /boot/vmlinuz-7.0.0-34-generic
/boot/vmlinuz-6.8.0-138-generic
/boot/vmlinuz-6.8.0-142-generic
/boot/vmlinuz-7.0.0-34-generic
+ dpkg -l
+ grep -E 'linux-modules-extra-7|linux-image-7'
+ awk '{print $2}'
linux-image-7.0.0-34-generic
+ echo PREP-VDO-DONE
PREP-VDO-DONE
