11:29:10 STATE start (old hot sets: none): paused=100 warm=0 cold=100 untrimmed=0 warm:[] avail=6395MB used=9218MB hotsets=0
11:29:14 fleetd policy: -warm-keep-mib 300 -reclaim-after 3m -headroom-mib 8192 (active, binary d2a62ab2)
11:30:55 batch [v21 v22 v23 v24 v25] paused: warm=0 cold=100 untrimmed=0 warm:[]
11:32:37 batch [v26 v27 v28 v29 v30] paused: warm=0 cold=100 untrimmed=0 warm:[]
11:34:19 batch [v31 v32 v33 v34 v35] paused: warm=0 cold=100 untrimmed=0 warm:[]
11:36:00 batch [v36 v37 v38 v39 v40] paused: warm=0 cold=100 untrimmed=0 warm:[]
11:36:01 STATE v21..v40 cold with hot sets: paused=100 warm=0 cold=100 untrimmed=0 warm:[] avail=4474MB used=11138MB hotsets=21
cell=v25 694->299MiB swap=392 hot_set="272 MiB in 6 procs";cell=v21 727->299MiB swap=464 hot_set="271 MiB in 6 procs";cell=v24 662->299MiB swap=402 hot_set="272 MiB in 6 procs";cell=v23 630->298MiB swap=382 hot_set="270 MiB in 6 procs";cell=v22 714->299MiB swap=465 hot_set="267 MiB in 6 procs";cell=v26 675->299MiB swap=382 hot_set="270 MiB in 6 procs";
11:36:05 fleetd policy: -warm-keep-mib 300 -reclaim-after 30m -headroom-mib 6144 (active, binary d2a62ab2)
11:37:57 STATE 5-warm: paused=100 warm=0 cold=100 untrimmed=0 warm:[] avail=3866MB used=11747MB hotsets=26
11:38:04 BURST warm-5 (warm floor, no cap, no prefetch): codes= 5 200; min=2.41s p50=4.24s max=5.03s | times: 2.41 4.16 4.24 4.51 5.03 | psi(ms) mem_full=995 cpu_some=1036 io_full=1050 | avail before=3866MB after=2562MB
cell=v5 scope=all advised_mib=4393 swap_before_mib=700 landed_mib=625 advise_took=2.148878291s pagein_took=504.63167ms;cell=v1 scope=all advised_mib=4406 swap_before_mib=703 landed_mib=627 advise_took=2.190503167s pagein_took=504.677886ms;cell=v4 scope=all advised_mib=4387 swap_before_mib=663 landed_mib=583 advise_took=1.883937378s pagein_took=502.58932ms;cell=v1 scope=hot advised_mib=254 swap_before_mib=534 landed_mib=130 advise_took=264.205811ms pagein_took=501.874204ms;cell=v4 scope=hot advised_mib=256 swap_before_mib=435 landed_mib=128 advise_took=410.870293ms pagein_took=502.994229ms;cell=v5 scope=hot advised_mib=268 swap_before_mib=625 landed_mib=147 advise_took=141.981228ms pagein_took=504.743809ms;cell=v3 scope=hot advised_mib=273 swap_before_mib=545 landed_mib=150 advise_took=152.16663ms pagein_took=503.573782ms;cell=v2 scope=hot advised_mib=271 swap_before_mib=527 landed_mib=14

cell=v1 start=151.606156ms ready=8.083786925s;cell=v3 start=99.059854ms ready=3.037053561s;cell=v4 start=492.038721ms ready=5.34731473s;cell=v5 start=84.354574ms ready=8.505749472s;cell=v2 start=119.244631ms ready=6.368021524s;cell=v4 start=120.654737ms ready=2.333616575s;cell=v3 start=53.883223ms ready=2.989295794s;cell=v1 start=55.699205ms ready=4.165394128s;cell=v2 start=54.54583ms ready=2.834282739s;cell=v5 start=43.343777ms ready=4.0831684s;

11:39:29 STATE after-warm: paused=100 warm=0 cold=100 untrimmed=0 warm:[] avail=3880MB used=11733MB hotsets=26
11:39:39 BURST cold-10 (v21..v30, hot-set prefetch): codes= 10 200; min=4.19s p50=6.65s max=7.53s | times: 4.19 4.73 6.43 6.47 6.65 6.9 6.98 7.41 7.47 7.53 | psi(ms) mem_full=1300 cpu_some=2548 io_full=1470 | avail before=3880MB after=1408MB
cell=v1 scope=hot advised_mib=254 swap_before_mib=534 landed_mib=130 advise_took=264.205811ms pagein_took=501.874204ms;cell=v4 scope=hot advised_mib=256 swap_before_mib=435 landed_mib=128 advise_took=410.870293ms pagein_took=502.994229ms;cell=v5 scope=hot advised_mib=268 swap_before_mib=625 landed_mib=147 advise_took=141.981228ms pagein_took=504.743809ms;cell=v3 scope=hot advised_mib=273 swap_before_mib=545 landed_mib=150 advise_took=152.16663ms pagein_took=503.573782ms;cell=v2 scope=hot advised_mib=271 swap_before_mib=527 landed_mib=148 advise_took=141.028047ms pagein_took=504.568605ms;cell=v25 scope=hot advised_mib=272 swap_before_mib=543 landed_mib=149 advise_took=226.569995ms pagein_took=504.97917ms;cell=v26 scope=hot advised_mib=270 swap_before_mib=529 landed_mib=145 advise_took=260.67095ms pagein_took=504.681632ms;cell=v24 scope=hot advised_mib=272 swap_before_mib=552 landed_mib=14

cell=v4 start=120.654737ms ready=2.333616575s;cell=v3 start=53.883223ms ready=2.989295794s;cell=v1 start=55.699205ms ready=4.165394128s;cell=v2 start=54.54583ms ready=2.834282739s;cell=v5 start=43.343777ms ready=4.0831684s;cell=v25 start=61.426006ms ready=4.10670785s;cell=v26 start=58.202447ms ready=4.64778156s;cell=v24 start=46.050332ms ready=5.505044097s;cell=v28 start=47.445063ms ready=4.685621791s;cell=v22 start=54.293172ms ready=5.697785179s;cell=v27 start=87.229359ms ready=4.368322072s;cel

11:40:50 STATE after-cold-1: paused=100 warm=0 cold=100 untrimmed=0 warm:[] avail=3853MB used=11760MB hotsets=26
11:40:59 BURST cold-10 (v31..v40, hot-set prefetch): codes= 10 200; min=5.93s p50=6.63s max=7.25s | times: 5.93 5.97 6.28 6.61 6.63 6.9 6.97 7.22 7.24 7.25 | psi(ms) mem_full=856 cpu_some=2801 io_full=1450 | avail before=3853MB after=1277MB
cell=v25 scope=hot advised_mib=272 swap_before_mib=543 landed_mib=149 advise_took=226.569995ms pagein_took=504.97917ms;cell=v26 scope=hot advised_mib=270 swap_before_mib=529 landed_mib=145 advise_took=260.67095ms pagein_took=504.681632ms;cell=v24 scope=hot advised_mib=272 swap_before_mib=552 landed_mib=148 advise_took=261.438414ms pagein_took=504.195631ms;cell=v22 scope=hot advised_mib=267 swap_before_mib=616 landed_mib=149 advise_took=273.915621ms pagein_took=504.211461ms;cell=v28 scope=hot advised_mib=268 swap_before_mib=527 landed_mib=142 advise_took=143.484316ms pagein_took=503.817905ms;cell=v21 scope=hot advised_mib=271 swap_before_mib=613 landed_mib=147 advise_took=209.756862ms pagein_took=503.812997ms;cell=v27 scope=hot advised_mib=273 swap_before_mib=544 landed_mib=148 advise_took=185.284302ms pagein_took=522.155249ms;cell=v30 scope=hot advised_mib=269 swap_before_mib=603 landed_

cell=v3 start=53.883223ms ready=2.989295794s;cell=v1 start=55.699205ms ready=4.165394128s;cell=v2 start=54.54583ms ready=2.834282739s;cell=v5 start=43.343777ms ready=4.0831684s;cell=v25 start=61.426006ms ready=4.10670785s;cell=v26 start=58.202447ms ready=4.64778156s;cell=v24 start=46.050332ms ready=5.505044097s;cell=v28 start=47.445063ms ready=4.685621791s;cell=v22 start=54.293172ms ready=5.697785179s;cell=v27 start=87.229359ms ready=4.368322072s;cell=v21 start=137.599798ms ready=5.15476512s;cel

11:42:16 STATE after-cold-2: paused=100 warm=0 cold=100 untrimmed=0 warm:[] avail=3847MB used=11766MB hotsets=26
11:42:16 wake_failures=0 exited=0
D1-DONE
