daemon-up 05:48:08
step 10: 10 cells booted in 40s
  wake s8 -> 200 122ms
  wake s4 -> 200 2336ms
  wake s3 -> 200 2478ms
  wake s1 -> 200 2247ms
  wake s6 -> 200 1928ms
10,10,12,3,7,0,6043,8419,4.6G,1.2G,0.80,2247,2478,5,0
step 20: 10 cells booted in 38s
  wake s7 -> 200 1841ms
  wake s17 -> 200 1290ms
  wake s5 -> 200 1953ms
  wake s1 -> 200 1663ms
  wake s8 -> 200 1722ms
20,20,23,1,19,0,9037,5943,10.7G,2.8G,0.49,1722,1953,5,0
step 30: 10 cells booted in 41s
  wake s19 -> 200 2596ms
  wake s20 -> 200 2436ms
  wake s11 -> 200 2261ms
  wake s7 -> 200 1608ms
  wake s15 -> 200 2308ms
30,30,31,0,30,0,10790,4293,17.3G,4.6G,0.30,2308,2596,5,0
step 35: 5 cells booted in 16s
  wake s2 -> 200 2241ms
  wake s30 -> 200 1840ms
  wake s35 -> 200 2094ms
  wake s26 -> 200 1891ms
  wake s6 -> 200 2160ms
35,35,37,0,35,0,12477,2357,19.5G,5.2G,7.02,2094,2241,5,0
step 40: 5 cells booted in 16s
  wake s24 -> 200 2013ms
  wake s13 -> 200 2489ms
  wake s6 -> 200 1535ms
  wake s4 -> 200 2103ms
  wake s15 -> 200 1696ms
40,40,43,0,40,0,11775,3018,23.3G,6.2G,10.23,2013,2489,5,0
step 45: 5 cells booted in 16s
  wake s27 -> 200 2472ms
  wake s15 -> 200 1807ms
  wake s43 -> 200 1827ms
  wake s17 -> 200 2111ms
  wake s22 -> 200 2067ms
45,45,45,0,45,0,11797,3285,27.6G,7.4G,9.31,2067,2472,5,0
step 50: 5 cells booted in 15s
  wake s50 -> 200 2007ms
  wake s25 -> 200 2382ms
  wake s8 -> 200 2066ms
  wake s31 -> 200 2286ms
  wake s16 -> 200 2361ms
50,50,51,0,50,0,13104,2177,30.5G,8.2G,5.12,2286,2382,5,0
=== final 06:24:13
Mem:           15613       13104        2177           4         841        2509
Swap:          31227       31224           3
/dev/zram0 zstd         30.5G 30.5G  8.2G  8.4G       8 [SWAP]
fleetd_cells{phase="hibernated"} 50
fleetd_wakes_total{kind="pause"} 1
fleetd_wakes_total{kind="reclaimed"} 34
fleetd_wake_failures_total 0
fleetd_hibernates_total{tier="pause"} 85
fleetd_reclaims_total 84
fleetd_reclaimed_bytes_total 51502829568
Sep 27 06:22:23 fleet-exp-1 fleetd[195802]: 2026/09/27 06:22:23 INFO hibernated cell=s8 tier=pause took=45.662941ms
Sep 27 06:22:23 fleet-exp-1 fleetd[195802]: 2026/09/27 06:22:23 INFO hibernated cell=s25 tier=pause took=43.121577ms
Sep 27 06:22:23 fleet-exp-1 fleetd[195802]: 2026/09/27 06:22:23 INFO hibernated cell=s31 tier=pause took=46.444171ms
Sep 27 06:23:08 fleet-exp-1 fleetd[195802]: 2026/09/27 06:23:08 INFO reclaimed cell=s50 before_mib=677 after_mib=149 swap_mib=564
Sep 27 06:23:36 fleet-exp-1 fleetd[195802]: 2026/09/27 06:23:36 INFO reclaimed cell=s8 before_mib=509 after_mib=149 swap_mib=527
Sep 27 06:24:06 fleet-exp-1 fleetd[195802]: 2026/09/27 06:24:06 INFO reclaimed cell=s16 before_mib=642 after_mib=287 swap_mib=385
Sep 27 06:24:06 fleet-exp-1 fleetd[195802]: 2026/09/27 06:24:06 INFO reclaimed cell=s31 before_mib=550 after_mib=263 swap_mib=398
Sep 27 06:24:06 fleet-exp-1 fleetd[195802]: 2026/09/27 06:24:06 INFO reclaimed cell=s25 before_mib=564 after_mib=280 swap_mib=399
RUN-DONE
