03:38:25 policy: shipped (active)
03:38:26 STATE start (all exited): cells=100 paused=0 warm=9 cold=91 active=0 warm:[v11 v12 v13 v15 v16 v17 v18 v19 v20] avail=14814MB used=797MB swap_used=0MB
03:41:43 booted v1-v10: avail=5501MB load=37.86 running=11 exited=89
03:50:31 booted v11-v20: avail=4849MB load=28.07 running=10 exited=79
03:56:02 booted v21-v30: avail=4632MB load=28.67 running=8 exited=69
04:04:32 booted v31-v40: avail=4552MB load=38.05 running=11 exited=59
04:12:52 booted v41-v50: avail=4508MB load=20.38 running=12 exited=49
04:18:56 booted v51-v60: avail=4647MB load=23.24 running=7 exited=39
04:24:55 booted v61-v70: avail=4832MB load=32.25 running=9 exited=29
04:32:22 booted v71-v80: avail=4812MB load=11.71 running=6 exited=19
04:38:21 booted v81-v90: avail=4761MB load=14.53 running=8 exited=9
04:43:07 booted v91-v99: avail=4700MB load=22.75 running=6 exited=0
04:43:07 boot-all done in 3881s
04:47:44 STATE all-booted-and-paused: cells=100 paused=100 warm=8 cold=92 active=0 warm:[v91 v92 v93 v94 v95 v96 v98 v99] avail=7691MB used=7922MB swap_used=75993MB
04:47:44 v60 cold: current=31M anon=5M swap=802M
04:53:45 STATE 5-warm: cells=100 paused=100 warm=13 cold=87 active=0 warm:[v1 v2 v3 v4 v5 v91 v92 v93 v94 v95 v96 v98 v99] avail=6362MB used=9251MB swap_used=74841MB
04:53:52 BURST warm-5: codes= 5 200; min=2.66s p50=3.89s max=5.15s | times: 2.66 3.13 3.89 4.09 5.15 | psi(ms) mem_full=632 cpu_some=1497 io_full=1057 | avail before=6362MB after=5940MB

04:58:38 STATE after-warm: cells=100 paused=100 warm=13 cold=87 active=0 warm:[v1 v2 v3 v4 v5 v91 v92 v93 v94 v95 v96 v98 v99] avail=6336MB used=9277MB swap_used=74958MB
04:59:05 BURST cold-10 (v21..v30): codes= 10 200; min=7.06s p50=13.57s max=24.32s | times: 7.06 8.68 9.61 9.66 13.57 13.74 15.3 19.18 21.1 24.32 | psi(ms) mem_full=155 cpu_some=19714 io_full=1993 | avail before=6336MB after=1285MB
cell=v27 scope=hot advised_mib=284;cell=v26 scope=hot advised_mib=321;cell=v28 scope=hot advised_mib=291;cell=v25 scope=hot advised_mib=354;cell=v21 scope=hot advised_mib=276;cell=v22 scope=hot advised_mib=363;cell=v24 scope=hot advised_mib=356;cell=v23 scope=hot advised_mib=289;cell=v30 scope=hot advised_mib=303;cell=v29 scope=hot advised_mib=336;

05:04:56 STATE after-cold-1: cells=100 paused=100 warm=8 cold=92 active=0 warm:[v21 v22 v23 v24 v25 v27 v29 v30] avail=6479MB used=9134MB swap_used=75505MB
05:05:24 BURST cold-10 (v31..v40): codes= 10 200; min=7.85s p50=14.24s max=25.87s | times: 7.85 11.27 11.32 12.25 14.24 18.25 23.36 24.04 25.0 25.87 | psi(ms) mem_full=33 cpu_some=20438 io_full=2336 | avail before=6479MB after=1311MB
cell=v32 scope=hot advised_mib=278;cell=v31 scope=hot advised_mib=329;cell=v34 scope=hot advised_mib=281;cell=v38 scope=hot advised_mib=279;cell=v33 scope=hot advised_mib=290;cell=v39 scope=hot advised_mib=386;cell=v36 scope=hot advised_mib=303;cell=v40 scope=hot advised_mib=292;cell=v37 scope=hot advised_mib=319;cell=v35 scope=hot advised_mib=333;

05:10:41 STATE after-cold-2: cells=100 paused=100 warm=7 cold=93 active=0 warm:[v32 v33 v34 v36 v37 v38 v39] avail=5884MB used=9729MB swap_used=75375MB
05:10:41 wake_failures=0 exited=0
F100C-DONE
